apps/api/src/core/users/use-cases/get-user-profile.usecase.ts(21,9): error TS2353: Object literal may only specify known properties, and 'country' does not exist in type 'UserProfileInclude<DefaultArgs>'.
apps/api/src/core/users/use-cases/get-user-profile.usecase.ts(33,28): error TS2551: Property 'nationality' does not exist on type '{ id: string; createdAt: Date; updatedAt: Date; employeeId: string; dateOfBirth: Date | null; gender: Gender | null; nationalityId: string | null; maritalStatus: MaritalStatus | null; ... 8 more ...; governmentIdCardType: GovernmentIdCardType | null; }'. Did you mean 'nationalityId'?
apps/api/src/core/users/use-cases/get-user-profile.usecase.ts(34,24): error TS2339: Property 'country' does not exist on type '{ id: string; createdAt: Date; updatedAt: Date; employeeId: string; dateOfBirth: Date | null; gender: Gender | null; nationalityId: string | null; maritalStatus: MaritalStatus | null; ... 8 more ...; governmentIdCardType: GovernmentIdCardType | null; }'.
apps/api/src/core/users/use-cases/update-user-profile.usecase.ts(69,9): error TS2353: Object literal may only specify known properties, and 'countryId' does not exist in type 'Without<UserProfileCreateInput, UserProfileUncheckedCreateInput> & UserProfileUncheckedCreateInput'.
apps/api/src/core/users/use-cases/update-user-profile.usecase.ts(86,9): error TS2353: Object literal may only specify known properties, and 'country' does not exist in type 'UserProfileInclude<DefaultArgs>'.
apps/api/src/core/users/use-cases/update-user-profile.usecase.ts(94,28): error TS2551: Property 'nationality' does not exist on type '{ id: string; createdAt: Date; updatedAt: Date; employeeId: string; additionalEmail: string | null; additionalEmailType: EmailType | null; additionalPhone: string | null; ... 9 more ...; governmentIdCardType: GovernmentIdCardType | null; }'. Did you mean 'nationalityId'?
apps/api/src/core/users/use-cases/update-user-profile.usecase.ts(95,24): error TS2339: Property 'country' does not exist on type '{ id: string; createdAt: Date; updatedAt: Date; employeeId: string; additionalEmail: string | null; additionalEmailType: EmailType | null; additionalPhone: string | null; ... 9 more ...; governmentIdCardType: GovernmentIdCardType | null; }'.
apps/api/src/domains/hr/attendance/attendance-calendar.service.ts(71,30): error TS2353: Object literal may only specify known properties, and 'countryId' does not exist in type 'UserProfileSelect<DefaultArgs>'.
apps/api/src/domains/hr/attendance/attendance-calendar.service.ts(82,38): error TS2339: Property 'profile' does not exist on type '{ id: string; createdAt: Date; updatedAt: Date; userId: string | null; applicantId: string | null; employeeStatus: EmployeeStatus; }'.
apps/api/src/domains/hr/attendance/attendance-calendar.service.ts(122,33): error TS2339: Property 'lifecycle' does not exist on type '{ id: string; createdAt: Date; updatedAt: Date; userId: string | null; applicantId: string | null; employeeStatus: EmployeeStatus; }'.
apps/api/src/domains/hr/attendance/attendance-calendar.service.ts(123,27): error TS2339: Property 'profile' does not exist on type '{ id: string; createdAt: Date; updatedAt: Date; userId: string | null; applicantId: string | null; employeeStatus: EmployeeStatus; }'.
apps/api/src/domains/hr/contracts/use-cases/create-contract.usecase.ts(21,9): error TS2353: Object literal may only specify known properties, and 'employeeId' does not exist in type '(Without<ContractCreateInput, ContractUncheckedCreateInput> & ContractUncheckedCreateInput) | (Without<...> & ContractCreateInput)'.
apps/api/src/domains/hr/contracts/use-cases/create-contract.usecase.ts(36,21): error TS2339: Property 'employeeId' does not exist on type '{ status: ContractStatus; id: string; createdAt: Date; updatedAt: Date; templateId: string; signedFileUrl: string | null; employeeContractId: string | null; }'.
apps/api/src/domains/hr/contracts/use-cases/create-contract.usecase.ts(37,23): error TS2339: Property 'contractType' does not exist on type '{ status: ContractStatus; id: string; createdAt: Date; updatedAt: Date; templateId: string; signedFileUrl: string | null; employeeContractId: string | null; }'.
apps/api/src/domains/hr/contracts/use-cases/create-contract.usecase.ts(38,25): error TS2339: Property 'sequenceNumber' does not exist on type '{ status: ContractStatus; id: string; createdAt: Date; updatedAt: Date; templateId: string; signedFileUrl: string | null; employeeContractId: string | null; }'.
apps/api/src/domains/hr/contracts/use-cases/create-contract.usecase.ts(39,20): error TS2339: Property 'startDate' does not exist on type '{ status: ContractStatus; id: string; createdAt: Date; updatedAt: Date; templateId: string; signedFileUrl: string | null; employeeContractId: string | null; }'.
apps/api/src/domains/hr/contracts/use-cases/create-contract.usecase.ts(40,18): error TS2339: Property 'endDate' does not exist on type '{ status: ContractStatus; id: string; createdAt: Date; updatedAt: Date; templateId: string; signedFileUrl: string | null; employeeContractId: string | null; }'.
apps/api/src/domains/hr/contracts/use-cases/create-contract.usecase.ts(41,23): error TS2339: Property 'trialApplies' does not exist on type '{ status: ContractStatus; id: string; createdAt: Date; updatedAt: Date; templateId: string; signedFileUrl: string | null; employeeContractId: string | null; }'.
apps/api/src/domains/hr/contracts/use-cases/create-contract.usecase.ts(42,23): error TS2339: Property 'trialEndDate' does not exist on type '{ status: ContractStatus; id: string; createdAt: Date; updatedAt: Date; templateId: string; signedFileUrl: string | null; employeeContractId: string | null; }'.
apps/api/src/domains/hr/contracts/use-cases/create-contract.usecase.ts(43,25): error TS2339: Property 'trialConfirmed' does not exist on type '{ status: ContractStatus; id: string; createdAt: Date; updatedAt: Date; templateId: string; signedFileUrl: string | null; employeeContractId: string | null; }'.
apps/api/src/domains/hr/contracts/use-cases/create-contract.usecase.ts(44,22): error TS2339: Property 'documentUrl' does not exist on type '{ status: ContractStatus; id: string; createdAt: Date; updatedAt: Date; templateId: string; signedFileUrl: string | null; employeeContractId: string | null; }'.
apps/api/src/domains/hr/contracts/use-cases/create-contract.usecase.ts(46,26): error TS2339: Property 'syncedToFinance' does not exist on type '{ status: ContractStatus; id: string; createdAt: Date; updatedAt: Date; templateId: string; signedFileUrl: string | null; employeeContractId: string | null; }'.
apps/api/src/domains/hr/contracts/use-cases/create-contract.usecase.ts(47,19): error TS2339: Property 'syncedAt' does not exist on type '{ status: ContractStatus; id: string; createdAt: Date; updatedAt: Date; templateId: string; signedFileUrl: string | null; employeeContractId: string | null; }'.
apps/api/src/domains/hr/contracts/use-cases/list-employee-contracts.usecase.ts(16,16): error TS2353: Object literal may only specify known properties, and 'employeeId' does not exist in type 'ContractWhereInput'.
apps/api/src/domains/hr/contracts/use-cases/list-employee-contracts.usecase.ts(17,19): error TS2353: Object literal may only specify known properties, and 'sequenceNumber' does not exist in type 'ContractOrderByWithRelationInput'.
apps/api/src/domains/hr/contracts/use-cases/list-employee-contracts.usecase.ts(22,21): error TS2339: Property 'employeeId' does not exist on type '{ id: string; createdAt: Date; updatedAt: Date; status: ContractStatus; templateId: string; signedFileUrl: string | null; employeeContractId: string | null; }'.
apps/api/src/domains/hr/contracts/use-cases/list-employee-contracts.usecase.ts(23,23): error TS2339: Property 'contractType' does not exist on type '{ id: string; createdAt: Date; updatedAt: Date; status: ContractStatus; templateId: string; signedFileUrl: string | null; employeeContractId: string | null; }'.
apps/api/src/domains/hr/contracts/use-cases/list-employee-contracts.usecase.ts(24,25): error TS2339: Property 'sequenceNumber' does not exist on type '{ id: string; createdAt: Date; updatedAt: Date; status: ContractStatus; templateId: string; signedFileUrl: string | null; employeeContractId: string | null; }'.
apps/api/src/domains/hr/contracts/use-cases/list-employee-contracts.usecase.ts(25,20): error TS2339: Property 'startDate' does not exist on type '{ id: string; createdAt: Date; updatedAt: Date; status: ContractStatus; templateId: string; signedFileUrl: string | null; employeeContractId: string | null; }'.
apps/api/src/domains/hr/contracts/use-cases/list-employee-contracts.usecase.ts(26,18): error TS2339: Property 'endDate' does not exist on type '{ id: string; createdAt: Date; updatedAt: Date; status: ContractStatus; templateId: string; signedFileUrl: string | null; employeeContractId: string | null; }'.
apps/api/src/domains/hr/contracts/use-cases/list-employee-contracts.usecase.ts(27,23): error TS2339: Property 'trialApplies' does not exist on type '{ id: string; createdAt: Date; updatedAt: Date; status: ContractStatus; templateId: string; signedFileUrl: string | null; employeeContractId: string | null; }'.
apps/api/src/domains/hr/contracts/use-cases/list-employee-contracts.usecase.ts(28,23): error TS2339: Property 'trialEndDate' does not exist on type '{ id: string; createdAt: Date; updatedAt: Date; status: ContractStatus; templateId: string; signedFileUrl: string | null; employeeContractId: string | null; }'.
apps/api/src/domains/hr/contracts/use-cases/list-employee-contracts.usecase.ts(29,25): error TS2339: Property 'trialConfirmed' does not exist on type '{ id: string; createdAt: Date; updatedAt: Date; status: ContractStatus; templateId: string; signedFileUrl: string | null; employeeContractId: string | null; }'.
apps/api/src/domains/hr/contracts/use-cases/list-employee-contracts.usecase.ts(30,22): error TS2339: Property 'documentUrl' does not exist on type '{ id: string; createdAt: Date; updatedAt: Date; status: ContractStatus; templateId: string; signedFileUrl: string | null; employeeContractId: string | null; }'.
apps/api/src/domains/hr/contracts/use-cases/list-employee-contracts.usecase.ts(32,26): error TS2339: Property 'syncedToFinance' does not exist on type '{ id: string; createdAt: Date; updatedAt: Date; status: ContractStatus; templateId: string; signedFileUrl: string | null; employeeContractId: string | null; }'.
apps/api/src/domains/hr/contracts/use-cases/list-employee-contracts.usecase.ts(33,19): error TS2339: Property 'syncedAt' does not exist on type '{ id: string; createdAt: Date; updatedAt: Date; status: ContractStatus; templateId: string; signedFileUrl: string | null; employeeContractId: string | null; }'.
apps/api/src/domains/hr/contracts/use-cases/update-contract.usecase.ts(21,32): error TS2353: Object literal may only specify known properties, and 'employeeId' does not exist in type 'ContractWhereInput'.
apps/api/src/domains/hr/contracts/use-cases/update-contract.usecase.ts(28,9): error TS2353: Object literal may only specify known properties, and 'employeeId' does not exist in type '(Without<ContractUpdateInput, ContractUncheckedUpdateInput> & ContractUncheckedUpdateInput) | (Without<...> & ContractUpdateInput)'.
apps/api/src/domains/hr/contracts/use-cases/update-contract.usecase.ts(54,21): error TS2339: Property 'employeeId' does not exist on type '{ status: ContractStatus; id: string; createdAt: Date; updatedAt: Date; templateId: string; signedFileUrl: string | null; employeeContractId: string | null; }'.
apps/api/src/domains/hr/contracts/use-cases/update-contract.usecase.ts(55,23): error TS2339: Property 'contractType' does not exist on type '{ status: ContractStatus; id: string; createdAt: Date; updatedAt: Date; templateId: string; signedFileUrl: string | null; employeeContractId: string | null; }'.
apps/api/src/domains/hr/contracts/use-cases/update-contract.usecase.ts(56,25): error TS2339: Property 'sequenceNumber' does not exist on type '{ status: ContractStatus; id: string; createdAt: Date; updatedAt: Date; templateId: string; signedFileUrl: string | null; employeeContractId: string | null; }'.
apps/api/src/domains/hr/contracts/use-cases/update-contract.usecase.ts(57,20): error TS2339: Property 'startDate' does not exist on type '{ status: ContractStatus; id: string; createdAt: Date; updatedAt: Date; templateId: string; signedFileUrl: string | null; employeeContractId: string | null; }'.
apps/api/src/domains/hr/contracts/use-cases/update-contract.usecase.ts(58,18): error TS2339: Property 'endDate' does not exist on type '{ status: ContractStatus; id: string; createdAt: Date; updatedAt: Date; templateId: string; signedFileUrl: string | null; employeeContractId: string | null; }'.
apps/api/src/domains/hr/contracts/use-cases/update-contract.usecase.ts(59,23): error TS2339: Property 'trialApplies' does not exist on type '{ status: ContractStatus; id: string; createdAt: Date; updatedAt: Date; templateId: string; signedFileUrl: string | null; employeeContractId: string | null; }'.
apps/api/src/domains/hr/contracts/use-cases/update-contract.usecase.ts(60,23): error TS2339: Property 'trialEndDate' does not exist on type '{ status: ContractStatus; id: string; createdAt: Date; updatedAt: Date; templateId: string; signedFileUrl: string | null; employeeContractId: string | null; }'.
apps/api/src/domains/hr/contracts/use-cases/update-contract.usecase.ts(61,25): error TS2339: Property 'trialConfirmed' does not exist on type '{ status: ContractStatus; id: string; createdAt: Date; updatedAt: Date; templateId: string; signedFileUrl: string | null; employeeContractId: string | null; }'.
apps/api/src/domains/hr/contracts/use-cases/update-contract.usecase.ts(62,22): error TS2339: Property 'documentUrl' does not exist on type '{ status: ContractStatus; id: string; createdAt: Date; updatedAt: Date; templateId: string; signedFileUrl: string | null; employeeContractId: string | null; }'.
apps/api/src/domains/hr/contracts/use-cases/update-contract.usecase.ts(64,26): error TS2339: Property 'syncedToFinance' does not exist on type '{ status: ContractStatus; id: string; createdAt: Date; updatedAt: Date; templateId: string; signedFileUrl: string | null; employeeContractId: string | null; }'.
apps/api/src/domains/hr/contracts/use-cases/update-contract.usecase.ts(65,19): error TS2339: Property 'syncedAt' does not exist on type '{ status: ContractStatus; id: string; createdAt: Date; updatedAt: Date; templateId: string; signedFileUrl: string | null; employeeContractId: string | null; }'.
apps/api/src/domains/hr/employees/use-cases/get-employee-full.usecase.ts(23,7): error TS2353: Object literal may only specify known properties, and 'country' does not exist in type 'UserProfileInclude<DefaultArgs>'.
apps/api/src/domains/hr/employees/use-cases/get-employee-full.usecase.ts(41,40): error TS2353: Object literal may only specify known properties, and 'contracts' does not exist in type 'EmployeeCountOutputTypeSelect<DefaultArgs>'.
apps/api/src/domains/hr/employees/use-cases/get-employee-full.usecase.ts(90,44): error TS2339: Property 'addressLine1' does not exist on type '{ nationality: { name: string; } | null; country: never; } & { id: string; createdAt: Date; updatedAt: Date; employeeId: string; additionalEmail: string | null; additionalEmailType: EmailType | null; ... 10 more ...; governmentIdCardType: GovernmentIdCardType | null; }'.
apps/api/src/domains/hr/employees/use-cases/get-employee-full.usecase.ts(91,44): error TS2339: Property 'addressLine2' does not exist on type '{ nationality: { name: string; } | null; country: never; } & { id: string; createdAt: Date; updatedAt: Date; employeeId: string; additionalEmail: string | null; additionalEmailType: EmailType | null; ... 10 more ...; governmentIdCardType: GovernmentIdCardType | null; }'.
apps/api/src/domains/hr/employees/use-cases/get-employee-full.usecase.ts(92,36): error TS2339: Property 'city' does not exist on type '{ nationality: { name: string; } | null; country: never; } & { id: string; createdAt: Date; updatedAt: Date; employeeId: string; additionalEmail: string | null; additionalEmailType: EmailType | null; ... 10 more ...; governmentIdCardType: GovernmentIdCardType | null; }'.
apps/api/src/domains/hr/employees/use-cases/get-employee-full.usecase.ts(93,37): error TS2339: Property 'state' does not exist on type '{ nationality: { name: string; } | null; country: never; } & { id: string; createdAt: Date; updatedAt: Date; employeeId: string; additionalEmail: string | null; additionalEmailType: EmailType | null; ... 10 more ...; governmentIdCardType: GovernmentIdCardType | null; }'.
apps/api/src/domains/hr/employees/use-cases/get-employee-full.usecase.ts(94,41): error TS2551: Property 'countryId' does not exist on type '{ nationality: { name: string; } | null; country: never; } & { id: string; createdAt: Date; updatedAt: Date; employeeId: string; additionalEmail: string | null; additionalEmailType: EmailType | null; ... 10 more ...; governmentIdCardType: GovernmentIdCardType | null; }'. Did you mean 'country'?
apps/api/src/domains/hr/employees/use-cases/get-employee-full.usecase.ts(95,52): error TS2339: Property 'name' does not exist on type 'never'.
apps/api/src/domains/hr/employees/use-cases/get-employee-full.usecase.ts(96,42): error TS2339: Property 'postalCode' does not exist on type '{ nationality: { name: string; } | null; country: never; } & { id: string; createdAt: Date; updatedAt: Date; employeeId: string; additionalEmail: string | null; additionalEmailType: EmailType | null; ... 10 more ...; governmentIdCardType: GovernmentIdCardType | null; }'.
apps/api/src/domains/hr/employees/use-cases/get-employee-full.usecase.ts(97,52): error TS2339: Property 'emergencyContactName' does not exist on type '{ nationality: { name: string; } | null; country: never; } & { id: string; createdAt: Date; updatedAt: Date; employeeId: string; additionalEmail: string | null; additionalEmailType: EmailType | null; ... 10 more ...; governmentIdCardType: GovernmentIdCardType | null; }'.
apps/api/src/domains/hr/employees/use-cases/get-employee-full.usecase.ts(99,32): error TS2339: Property 'emergencyContactPhone' does not exist on type '{ nationality: { name: string; } | null; country: never; } & { id: string; createdAt: Date; updatedAt: Date; employeeId: string; additionalEmail: string | null; additionalEmailType: EmailType | null; ... 10 more ...; governmentIdCardType: GovernmentIdCardType | null; }'.
apps/api/src/domains/hr/jobs/check-overdue-checklists.job.ts(18,24): error TS2322: Type '"NOT_STARTED"' is not assignable to type 'OnboardingChecklistStatus'.
apps/api/src/domains/hr/jobs/check-overdue-checklists.job.ts(18,39): error TS2322: Type '"IN_PROGRESS"' is not assignable to type 'OnboardingChecklistStatus'.
apps/api/src/domains/hr/jobs/check-overdue-checklists.job.ts(30,15): error TS2322: Type '"OVERDUE"' is not assignable to type 'OnboardingChecklistStatus | EnumOnboardingChecklistStatusFieldUpdateOperationsInput | undefined'.
apps/api/src/domains/hr/onboarding/create-onboarding.usecase.ts(131,9): error TS2322: Type '"CANCELLED" | "NOT_STARTED" | "IN_PROGRESS" | "COMPLETED" | undefined' is not assignable to type 'OnboardingStatus | undefined'.
  Type '"NOT_STARTED"' is not assignable to type 'OnboardingStatus | undefined'.
apps/api/src/domains/hr/onboarding/create-onboarding.usecase.ts(146,26): error TS2345: Argument of type '{ id: string; createdAt: Date; updatedAt: Date; status: OnboardingStatus; employeeId: string; completedAt: Date | null; startedAt: Date | null; joinDate: Date; }' is not assignable to parameter of type '{ id: string; employeeId: string; status: string; startedAt: Date | null; joinDate: Date; completedAt: Date | null; createdAt: Date; updatedAt: Date; checklists: { ...; }[]; }'.
  Property 'checklists' is missing in type '{ id: string; createdAt: Date; updatedAt: Date; status: OnboardingStatus; employeeId: string; completedAt: Date | null; startedAt: Date | null; joinDate: Date; }' but required in type '{ id: string; employeeId: string; status: string; startedAt: Date | null; joinDate: Date; completedAt: Date | null; createdAt: Date; updatedAt: Date; checklists: { ...; }[]; }'.
apps/api/src/domains/hr/onboarding/onboarding-checklist/update-checklist-status.usecase.ts(42,9): error TS2322: Type '{ dueDate?: Date | null | undefined; status?: "NOT_STARTED" | "IN_PROGRESS" | "COMPLETED" | "OVERDUE" | undefined; }' is not assignable to type '(Without<OnboardingChecklistUpdateInput, OnboardingChecklistUncheckedUpdateInput> & OnboardingChecklistUncheckedUpdateInput) | (Without<...> & OnboardingChecklistUpdateInput)'.
  Type '{ dueDate?: Date | null | undefined; status?: "NOT_STARTED" | "IN_PROGRESS" | "COMPLETED" | "OVERDUE" | undefined; }' is not assignable to type 'Without<OnboardingChecklistUncheckedUpdateInput, OnboardingChecklistUpdateInput> & OnboardingChecklistUpdateInput'.
    Types of property 'status' are incompatible.
      Type '"NOT_STARTED" | "IN_PROGRESS" | "COMPLETED" | "OVERDUE" | undefined' is not assignable to type 'OnboardingChecklistStatus | EnumOnboardingChecklistStatusFieldUpdateOperationsInput | undefined'.
        Type '"NOT_STARTED"' is not assignable to type 'OnboardingChecklistStatus | EnumOnboardingChecklistStatusFieldUpdateOperationsInput | undefined'.
apps/api/src/domains/hr/onboarding/onboarding-checklist/update-checklist-status.usecase.ts(61,16): error TS2367: This comparison appears to be unintentional because the types 'OnboardingChecklistStatus' and '"IN_PROGRESS"' have no overlap.
apps/api/src/domains/hr/onboarding/onboarding-checklist/update-checklist-status.usecase.ts(100,42): error TS2551: Property 'onboardingTaskId' does not exist on type '{ id: string; createdAt: Date; updatedAt: Date; status: OnboardingChecklistStatus; verifiedAt: Date | null; verifiedBy: string | null; ... 4 more ...; isRequired: boolean; }'. Did you mean 'onboardingId'?
apps/api/src/domains/hr/onboarding/onboarding.module.ts(2,41): error TS2307: Cannot find module './asset-provisioning/asset-provisioning.module' or its corresponding type declarations.
apps/api/src/domains/hr/onboarding/onboarding.module.ts(5,45): error TS2307: Cannot find module './policy-acknowledgement/policy-acknowledgement.module' or its corresponding type declarations.
apps/api/src/domains/hr/onboarding/query-onboarding.usecase.ts(26,5): error TS2322: Type '"COMPLETED" | "CANCELLED" | "IN_PROGRESS" | "NOT_STARTED"' is not assignable to type 'OnboardingStatus | EnumOnboardingStatusFilter<"Onboarding"> | undefined'.
  Type '"NOT_STARTED"' is not assignable to type 'OnboardingStatus | EnumOnboardingStatusFilter<"Onboarding"> | undefined'.
apps/api/src/domains/hr/onboarding/query-onboarding.usecase.ts(38,22): error TS2551: Property 'onboardingTaskId' does not exist on type 'OnboardingChecklistWhereInput'. Did you mean 'onboardingId'?
apps/api/src/domains/hr/onboarding/query-onboarding.usecase.ts(41,5): error TS2322: Type '"COMPLETED" | "IN_PROGRESS" | "OVERDUE" | "NOT_STARTED"' is not assignable to type 'OnboardingChecklistStatus | EnumOnboardingChecklistStatusFilter<"OnboardingChecklist"> | undefined'.
  Type '"IN_PROGRESS"' is not assignable to type 'OnboardingChecklistStatus | EnumOnboardingChecklistStatusFilter<"OnboardingChecklist"> | undefined'.
apps/api/src/domains/hr/onboarding/update-onboarding.usecase.ts(62,9): error TS2322: Type '{ completedAt?: Date | null | undefined; startedAt?: Date | null | undefined; joinDate?: Date | undefined; status?: "CANCELLED" | "NOT_STARTED" | "IN_PROGRESS" | "COMPLETED" | undefined; }' is not assignable to type '(Without<OnboardingUpdateInput, OnboardingUncheckedUpdateInput> & OnboardingUncheckedUpdateInput) | (Without<...> & OnboardingUpdateInput)'.
  Type '{ completedAt?: Date | null | undefined; startedAt?: Date | null | undefined; joinDate?: Date | undefined; status?: "CANCELLED" | "NOT_STARTED" | "IN_PROGRESS" | "COMPLETED" | undefined; }' is not assignable to type 'Without<OnboardingUncheckedUpdateInput, OnboardingUpdateInput> & OnboardingUpdateInput'.
    Types of property 'status' are incompatible.
      Type '"CANCELLED" | "NOT_STARTED" | "IN_PROGRESS" | "COMPLETED" | undefined' is not assignable to type 'OnboardingStatus | EnumOnboardingStatusFieldUpdateOperationsInput | undefined'.
        Type '"NOT_STARTED"' is not assignable to type 'OnboardingStatus | EnumOnboardingStatusFieldUpdateOperationsInput | undefined'.
apps/api/src/domains/hr/onboarding/update-onboarding.usecase.ts(89,15): error TS2561: Object literal may only specify known properties, but 'onboardingTaskId' does not exist in type 'OnboardingChecklistWhereInput'. Did you mean to write 'onboardingId'?
apps/api/src/domains/hr/onboarding/update-onboarding.usecase.ts(97,19): error TS2353: Object literal may only specify known properties, and 'onboardingId_onboardingTaskId' does not exist in type 'OnboardingChecklistWhereUniqueInput'.
apps/api/src/domains/hr/onboarding/update-onboarding.usecase.ts(102,17): error TS2322: Type '{ dueDate?: Date | null | undefined; status?: "NOT_STARTED" | "IN_PROGRESS" | "COMPLETED" | "OVERDUE" | undefined; }' is not assignable to type '(Without<OnboardingChecklistUpdateInput, OnboardingChecklistUncheckedUpdateInput> & OnboardingChecklistUncheckedUpdateInput) | (Without<...> & OnboardingChecklistUpdateInput)'.
  Type '{ dueDate?: Date | null | undefined; status?: "NOT_STARTED" | "IN_PROGRESS" | "COMPLETED" | "OVERDUE" | undefined; }' is not assignable to type 'Without<OnboardingChecklistUncheckedUpdateInput, OnboardingChecklistUpdateInput> & OnboardingChecklistUpdateInput'.
    Types of property 'status' are incompatible.
      Type '"NOT_STARTED" | "IN_PROGRESS" | "COMPLETED" | "OVERDUE" | undefined' is not assignable to type 'OnboardingChecklistStatus | EnumOnboardingChecklistStatusFieldUpdateOperationsInput | undefined'.
        Type '"NOT_STARTED"' is not assignable to type 'OnboardingChecklistStatus | EnumOnboardingChecklistStatusFieldUpdateOperationsInput | undefined'.
apps/api/src/domains/hr/onboarding/update-onboarding.usecase.ts(111,19): error TS2322: Type '"NOT_STARTED" | "IN_PROGRESS" | "COMPLETED" | "OVERDUE" | undefined' is not assignable to type 'OnboardingChecklistStatus | undefined'.
  Type '"NOT_STARTED"' is not assignable to type 'OnboardingChecklistStatus | undefined'.
